// Jest Snapshot v1, https://goo.gl/fbAQLP

exports[`renders correctly 1`] = `
<RCTScrollView
  contentContainerStyle={
    Object {
      "flexGrow": 1,
      "justifyContent": "space-between",
    }
  }
  horizontal={true}
  style={
    Object {
      "flex": 1,
      "flexDirection": "row",
    }
  }
>
  <View />
</RCTScrollView>
`;
