// Jest Snapshot v1, https://goo.gl/fbAQLP

exports[`renders correctly 1`] = `
Array [
  <Text
    style={
      Object {
        "alignContent": "center",
        "backgroundColor": "#03875b",
        "borderBottomWidth": 1,
        "flexDirection": "row",
        "fontFamily": "Exo2-VariableFont_wght",
        "fontSize": 25,
        "textAlign": "center",
      }
    }
  >
    7 days forecast
  </Text>,
  <RCTScrollView
    contentContainerStyle={
      Object {
        "flexGrow": 1,
        "justifyContent": "space-between",
      }
    }
    horizontal={true}
    style={
      Object {
        "flex": 1,
      }
    }
  >
    <View />
  </RCTScrollView>,
]
`;
